[2m01:22:01[22m [31m[1m[vite][22m[39m [31mInternal server error: C:\Users\DELL\Desktop\Rh\src\App.jsx: Identifier 'DetailPanel' has already been declared. (579:9)

[0m [90m 577 |[31m }
 [90m 578 |[31m
[31m[1m>[22m[31m[90m 579 |[31m [36mfunction[31m [33mDetailPanel[31m({
 [90m     |[31m          [31m[1m^[22m[31m
 [90m 580 |[31m   detail[33m,[31m
 [90m 581 |[31m   onPersonClick[33m,[31m
 [90m 582 |[31m   activeRecordId[33m,[31m[0m[39m
  Plugin: [35mvite:react-babel[39m
  File: [36mC:/Users/DELL/Desktop/Rh/src/App.jsx[39m:579:9
[33m  577|  }
  578|  
  579|  function DetailPanel({
     |           ^
  580|    detail,
  581|    onPersonClick,[39m
      at constructor (C:\Users\DELL\Desktop\Rh\node_modules\@babel\parser\lib\index.js:369:19)
      at JSXParserMixin.raise (C:\Users\DELL\Desktop\Rh\node_modules\@babel\parser\lib\index.js:6620:19)
      at ScopeHandler.checkRedeclarationInScope (C:\Users\DELL\Desktop\Rh\node_modules\@babel\parser\lib\index.js:1623:19)
      at ScopeHandler.declareName (C:\Users\DELL\Desktop\Rh\node_modules\@babel\parser\lib\index.js:1589:12)
      at JSXParserMixin.registerFunctionStatementId (C:\Users\DELL\Desktop\Rh\node_modules\@babel\parser\lib\index.js:13495:16)
      at JSXParserMixin.parseFunction (C:\Users\DELL\Desktop\Rh\node_modules\@babel\parser\lib\index.js:13479:12)
      at JSXParserMixin.parseFunctionStatement (C:\Users\DELL\Desktop\Rh\node_modules\@babel\parser\lib\index.js:13154:17)
      at JSXParserMixin.parseStatementContent (C:\Users\DELL\Desktop\Rh\node_modules\@babel\parser\lib\index.js:12820:21)
      at JSXParserMixin.parseStatementLike (C:\Users\DELL\Desktop\Rh\node_modules\@babel\parser\lib\index.js:12796:17)
      at JSXParserMixin.parseModuleItem (C:\Users\DELL\Desktop\Rh\node_modules\@babel\parser\lib\index.js:12773:17)
      at JSXParserMixin.parseBlockOrModuleBlockBody (C:\Users\DELL\Desktop\Rh\node_modules\@babel\parser\lib\index.js:13345:36)
      at JSXParserMixin.parseBlockBody (C:\Users\DELL\Desktop\Rh\node_modules\@babel\parser\lib\index.js:13338:10)
      at JSXParserMixin.parseProgram (C:\Users\DELL\Desktop\Rh\node_modules\@babel\parser\lib\index.js:12651:10)
      at JSXParserMixin.parseTopLevel (C:\Users\DELL\Desktop\Rh\node_modules\@babel\parser\lib\index.js:12641:25)
      at JSXParserMixin.parse (C:\Users\DELL\Desktop\Rh\node_modules\@babel\parser\lib\index.js:14517:25)
      at parse (C:\Users\DELL\Desktop\Rh\node_modules\@babel\parser\lib\index.js:14551:38)
      at parser (C:\Users\DELL\Desktop\Rh\node_modules\@babel\core\lib\parser\index.js:41:34)
      at parser.next (<anonymous>)
      at normalizeFile (C:\Users\DELL\Desktop\Rh\node_modules\@babel\core\lib\transformation\normalize-file.js:51:37)
      at normalizeFile.next (<anonymous>)
      at run (C:\Users\DELL\Desktop\Rh\node_modules\@babel\core\lib\transformation\index.js:22:50)
      at run.next (<anonymous>)
      at transform (C:\Users\DELL\Desktop\Rh\node_modules\@babel\core\lib\transform.js:22:33)
      at transform.next (<anonymous>)
      at step (C:\Users\DELL\Desktop\Rh\node_modules\gensync\index.js:261:32)
      at C:\Users\DELL\Desktop\Rh\node_modules\gensync\index.js:273:13
      at async.call.result.err.err (C:\Users\DELL\Desktop\Rh\node_modules\gensync\index.js:223:11)
      at C:\Users\DELL\Desktop\Rh\node_modules\gensync\index.js:189:28
      at C:\Users\DELL\Desktop\Rh\node_modules\@babel\core\lib\gensync-utils\async.js:67:7
      at C:\Users\DELL\Desktop\Rh\node_modules\gensync\index.js:113:33
      at step (C:\Users\DELL\Desktop\Rh\node_modules\gensync\index.js:287:14)
      at C:\Users\DELL\Desktop\Rh\node_modules\gensync\index.js:273:13
      at async.call.result.err.err (C:\Users\DELL\Desktop\Rh\node_modules\gensync\index.js:223:11)
